(FACTS,"Facts",1)
(COLON,":",1)
(UNDEFINED,"$",2)
(RULES,"Rules",3)
(COLON,":",3)
(EOF,"",3)
Total Tokens = 6

